Archive member included because of file (symbol)

c:/program files/eclipsearm/sourcery-g++-lite-arm-2011.03/bin/../lib/gcc/arm-none-eabi/4.5.2\libgcc.a(_udivsi3.o)
                              ./tp.o (__aeabi_uidiv)
c:/program files/eclipsearm/sourcery-g++-lite-arm-2011.03/bin/../lib/gcc/arm-none-eabi/4.5.2\libgcc.a(_divsi3.o)
                              ./common/44blib.o (__aeabi_idiv)
c:/program files/eclipsearm/sourcery-g++-lite-arm-2011.03/bin/../lib/gcc/arm-none-eabi/4.5.2\libgcc.a(_dvmd_tls.o)
                              c:/program files/eclipsearm/sourcery-g++-lite-arm-2011.03/bin/../lib/gcc/arm-none-eabi/4.5.2\libgcc.a(_udivsi3.o) (__aeabi_idiv0)
c:/program files/eclipsearm/sourcery-g++-lite-arm-2011.03/bin/../lib/gcc/arm-none-eabi/4.5.2\libgcc.a(_arm_addsubdf3.o)
                              ./common/44blib.o (__aeabi_dadd)
c:/program files/eclipsearm/sourcery-g++-lite-arm-2011.03/bin/../lib/gcc/arm-none-eabi/4.5.2\libgcc.a(_arm_muldivdf3.o)
                              ./common/44blib.o (__aeabi_ddiv)
c:/program files/eclipsearm/sourcery-g++-lite-arm-2011.03/bin/../lib/gcc/arm-none-eabi/4.5.2\libgcc.a(_arm_fixdfsi.o)
                              ./common/44blib.o (__aeabi_d2iz)
c:/program files/eclipsearm/sourcery-g++-lite-arm-2011.03/bin/../lib/gcc/arm-none-eabi/4.5.2/../../../../arm-none-eabi/lib\libc.a(lib_a-strlen.o)
                              ./lcd.o (strlen)

Allocating common symbols
Common symbol       size              file

ucCursorBackUp      0x78              ./Bmp.o
ulMouseY            0x2               ./Bmp.o
Ymin                0x4               ./main.o
Xmax                0x4               ./main.o
fileSize            0x4               ./common/44blib.o
yn                  0x1               ./main.o
ulMouseX            0x2               ./Bmp.o
Vx                  0x4               ./main.o
Ymax                0x4               ./main.o
oneTouch            0x4               ./main.o
Vy                  0x4               ./main.o
Xmin                0x4               ./main.o
downPt              0x4               ./common/44blib.o
CheckTSP            0x4               ./main.o

Memory Configuration

Name             Origin             Length             Attributes
*default*        0x00000000         0xffffffff

Linker script and memory map

LOAD ./common/44binit.o
LOAD ./common/44blib.o
LOAD ./common/AscII6x8.o
LOAD ./common/AscII8x16.o
LOAD ./8led.o
LOAD ./Bmp.o
LOAD ./button.o
LOAD ./cola.o
LOAD ./init_b.o
LOAD ./lcd.o
LOAD ./led.o
LOAD ./main.o
LOAD ./sudoku_2025.o
LOAD ./timer.o
LOAD ./timer1.o
LOAD ./timer2.o
LOAD ./timer3.o
LOAD ./tp.o
START GROUP
LOAD c:/program files/eclipsearm/sourcery-g++-lite-arm-2011.03/bin/../lib/gcc/arm-none-eabi/4.5.2\libgcc.a
LOAD c:/program files/eclipsearm/sourcery-g++-lite-arm-2011.03/bin/../lib/gcc/arm-none-eabi/4.5.2/../../../../arm-none-eabi/lib\libc.a
END GROUP
                0x0c000000                . = 0xc000000
                0x0c000000                Image_RO_Base = .

.text           0x0c000000     0x7750
 *(.text)
 .text          0x0c000000      0x70c ./common/44binit.o
 .text          0x0c00070c      0x8bc ./common/44blib.o
                0x0c00070c                Delay
                0x0c000844                DelayMs
                0x0c0008a8                DelayTime
                0x0c0008f0                Port_Init
                0x0c000a80                Uart_Init
                0x0c000ca8                Timer_Start
                0x0c000d1c                Timer_Stop
                0x0c000d5c                Beep
                0x0c000dc0                ChangePllValue
                0x0c000e0c                malloc
                0x0c000eac                free
                0x0c000edc                Cache_Flush
                0x0c000f58                sys_init
 .text          0x0c000fc8        0x0 ./common/AscII6x8.o
 .text          0x0c000fc8        0x0 ./common/AscII8x16.o
 .text          0x0c000fc8       0x78 ./8led.o
                0x0c000fc8                D8Led_init
                0x0c000fec                D8Led_symbol
 .text          0x0c001040      0x800 ./Bmp.o
                0x0c001040                BitmapView
                0x0c0011cc                BitmapPush
                0x0c001438                BitmapPop
                0x0c0016c4                CursorInit
                0x0c001718                CursorPush
                0x0c001774                CursorPop
                0x0c0017d0                CursorView
 .text          0x0c001840      0x9c8 ./button.o
                0x0c002068                Eint4567_ISR
                0x0c002118                Eint4567_init
 .text          0x0c002208      0x270 ./cola.o
                0x0c002208                cola_init
                0x0c0022fc                cola_depuracion
                0x0c002420                cola_get_num_eventos
                0x0c00244c                cola_get_indice
 .text          0x0c002478      0x48c ./init_b.o
                0x0c002478                candidatos_propagar_arm
                0x0c002590                candidatos_actualizar_arm_arm
                0x0c002670                candidatos_actualizar_arm_c
                0x0c002750                candidatos_actualizar_all
 .text          0x0c002904     0x2088 ./lcd.o
                0x0c002904                Lcd_Init
                0x0c002a98                Lcd_Active_Clr
                0x0c002b00                LCD_GetPixel
                0x0c002bd0                Lcd_Clr
                0x0c002c3c                LcdClrRect
                0x0c00328c                Lcd_Draw_Box
                0x0c003328                Lcd_Draw_Line
                0x0c003c80                Lcd_Draw_HLine
                0x0c003e88                Lcd_Draw_VLine
                0x0c0040c0                Lcd_DisplayString
                0x0c0040ec                Lcd_DspAscII8x16
                0x0c004400                Lcd_DspAscII6x8
                0x0c0045c4                ReverseLine
                0x0c0046b8                Zdma0Done
                0x0c0046f8                Lcd_Dma_Trans
                0x0c0047a8                Lcd_Test
 .text          0x0c00498c      0x23c ./led.o
                0x0c00498c                leds_on
                0x0c0049ac                leds_off
                0x0c0049cc                led1_on
                0x0c004a0c                led1_off
                0x0c004a4c                led2_on
                0x0c004a8c                led2_off
                0x0c004acc                leds_switch
                0x0c004b0c                Led_Display
 .text          0x0c004bc8       0x40 ./main.o
                0x0c004bc8                Main
 .text          0x0c004c08      0x898 ./sudoku_2025.o
                0x0c004cac                candidatos_propagar_c
                0x0c004e80                candidatos_actualizar_c
                0x0c005018                candidatos_actualizar_c_arm
                0x0c0052a4                sudoku9x9
                0x0c005438                main
 .text          0x0c0054a0      0x108 ./timer.o
                0x0c0054a0                timer_ISR
                0x0c0054e8                timer_init
 .text          0x0c0055a8      0x1ac ./timer1.o
                0x0c0055a8                timer1_ISR
                0x0c00564c                timer1_init
 .text          0x0c005754      0x27c ./timer2.o
                0x0c005754                timer2_ISR
                0x0c0057a4                timer2_init
                0x0c0058cc                timer2_start
                0x0c00595c                timer2_count
 .text          0x0c0059d0      0x71c ./timer3.o
                0x0c005b90                timer3_init
                0x0c005cbc                timer3_start_antirrebote
                0x0c005dc8                timer3_esta_ocupado
                0x0c005e00                timer3_ISR
 .text          0x0c0060ec      0xa90 ./tp.o
                0x0c0060ec                TS_Test
                0x0c006110                TSInt
                0x0c00649c                TS_init
                0x0c006588                TS_close
                0x0c0065c8                Lcd_TC
                0x0c006940                DesignREC
                0x0c006a74                Check_Sel
 .text          0x0c006b7c      0x114 c:/program files/eclipsearm/sourcery-g++-lite-arm-2011.03/bin/../lib/gcc/arm-none-eabi/4.5.2\libgcc.a(_udivsi3.o)
                0x0c006b7c                __aeabi_uidiv
                0x0c006b7c                __udivsi3
                0x0c006c70                __aeabi_uidivmod
 .text          0x0c006c90      0x148 c:/program files/eclipsearm/sourcery-g++-lite-arm-2011.03/bin/../lib/gcc/arm-none-eabi/4.5.2\libgcc.a(_divsi3.o)
                0x0c006c90                __divsi3
                0x0c006c90                __aeabi_idiv
                0x0c006db8                __aeabi_idivmod
 .text          0x0c006dd8        0x4 c:/program files/eclipsearm/sourcery-g++-lite-arm-2011.03/bin/../lib/gcc/arm-none-eabi/4.5.2\libgcc.a(_dvmd_tls.o)
                0x0c006dd8                __aeabi_idiv0
                0x0c006dd8                __aeabi_ldiv0
 .text          0x0c006ddc      0x41c c:/program files/eclipsearm/sourcery-g++-lite-arm-2011.03/bin/../lib/gcc/arm-none-eabi/4.5.2\libgcc.a(_arm_addsubdf3.o)
                0x0c006ddc                __aeabi_drsub
                0x0c006de4                __aeabi_dsub
                0x0c006de4                __subdf3
                0x0c006de8                __aeabi_dadd
                0x0c006de8                __adddf3
                0x0c0070f8                __floatunsidf
                0x0c0070f8                __aeabi_ui2d
                0x0c00711c                __floatsidf
                0x0c00711c                __aeabi_i2d
                0x0c007144                __aeabi_f2d
                0x0c007144                __extendsfdf2
                0x0c007184                __floatundidf
                0x0c007184                __aeabi_ul2d
                0x0c007198                __floatdidf
                0x0c007198                __aeabi_l2d
 .text          0x0c0071f8      0x49c c:/program files/eclipsearm/sourcery-g++-lite-arm-2011.03/bin/../lib/gcc/arm-none-eabi/4.5.2\libgcc.a(_arm_muldivdf3.o)
                0x0c0071f8                __aeabi_dmul
                0x0c0071f8                __muldf3
                0x0c007488                __divdf3
                0x0c007488                __aeabi_ddiv
 .text          0x0c007694       0x5c c:/program files/eclipsearm/sourcery-g++-lite-arm-2011.03/bin/../lib/gcc/arm-none-eabi/4.5.2\libgcc.a(_arm_fixdfsi.o)
                0x0c007694                __aeabi_d2iz
                0x0c007694                __fixdfsi
 .text          0x0c0076f0       0x60 c:/program files/eclipsearm/sourcery-g++-lite-arm-2011.03/bin/../lib/gcc/arm-none-eabi/4.5.2/../../../../arm-none-eabi/lib\libc.a(lib_a-strlen.o)
                0x0c0076f0                strlen
                0x0c007750                Image_RO_Limit = .
                0x0c007750                Image_RW_Base = .

.glue_7         0x0c007750        0x0
 .glue_7        0x00000000        0x0 linker stubs

.glue_7t        0x0c007750        0x0
 .glue_7t       0x00000000        0x0 linker stubs

.vfp11_veneer   0x0c007750        0x0
 .vfp11_veneer  0x00000000        0x0 linker stubs

.v4_bx          0x0c007750        0x0
 .v4_bx         0x00000000        0x0 linker stubs

.data           0x0c007760      0xe20
 *(.data)
 .data          0x0c007760        0x6 ./common/44binit.o
                0x0c007760                BDRAMTYPE
 *fill*         0x0c007766        0x2 00
 .data          0x0c007768        0xc ./common/44blib.o
                0x0c007768                mallocPt
                0x0c00776c                run
 .data          0x0c007774        0x0 ./common/AscII6x8.o
 .data          0x0c007774        0x0 ./common/AscII8x16.o
 .data          0x0c007774       0x44 ./8led.o
 .data          0x0c0077b8       0x10 ./Bmp.o
                0x0c0077b8                Stru_Bitmap_gbMouse
 .data          0x0c0077c8        0x0 ./button.o
 .data          0x0c0077c8        0x4 ./cola.o
                0x0c0077c8                cola_global
 .data          0x0c0077cc        0x0 ./init_b.o
 .data          0x0c0077cc        0x1 ./lcd.o
 .data          0x0c0077cd        0x0 ./led.o
 *fill*         0x0c0077cd       0x13 00
 .data          0x0c0077e0      0x6e0 ./main.o
                0x0c007ea0                cuadricula
 .data          0x0c007ec0      0x6c0 ./sudoku_2025.o
 .data          0x0c008580        0x0 ./timer.o
 .data          0x0c008580        0x0 ./timer1.o
 .data          0x0c008580        0x0 ./timer2.o
 .data          0x0c008580        0x0 ./timer3.o
 .data          0x0c008580        0x0 ./tp.o
 .data          0x0c008580        0x0 c:/program files/eclipsearm/sourcery-g++-lite-arm-2011.03/bin/../lib/gcc/arm-none-eabi/4.5.2\libgcc.a(_udivsi3.o)
 .data          0x0c008580        0x0 c:/program files/eclipsearm/sourcery-g++-lite-arm-2011.03/bin/../lib/gcc/arm-none-eabi/4.5.2\libgcc.a(_divsi3.o)
 .data          0x0c008580        0x0 c:/program files/eclipsearm/sourcery-g++-lite-arm-2011.03/bin/../lib/gcc/arm-none-eabi/4.5.2\libgcc.a(_dvmd_tls.o)
 .data          0x0c008580        0x0 c:/program files/eclipsearm/sourcery-g++-lite-arm-2011.03/bin/../lib/gcc/arm-none-eabi/4.5.2\libgcc.a(_arm_addsubdf3.o)
 .data          0x0c008580        0x0 c:/program files/eclipsearm/sourcery-g++-lite-arm-2011.03/bin/../lib/gcc/arm-none-eabi/4.5.2\libgcc.a(_arm_muldivdf3.o)
 .data          0x0c008580        0x0 c:/program files/eclipsearm/sourcery-g++-lite-arm-2011.03/bin/../lib/gcc/arm-none-eabi/4.5.2\libgcc.a(_arm_fixdfsi.o)
 .data          0x0c008580        0x0 c:/program files/eclipsearm/sourcery-g++-lite-arm-2011.03/bin/../lib/gcc/arm-none-eabi/4.5.2/../../../../arm-none-eabi/lib\libc.a(lib_a-strlen.o)

.rodata         0x0c008580     0x1554
 *(.rodata)
 .rodata        0x0c008580      0x400 ./common/AscII6x8.o
                0x0c008580                g_auc_Ascii6x8
 .rodata        0x0c008980     0x1004 ./common/AscII8x16.o
                0x0c008980                g_auc_Ascii8x16
 .rodata        0x0c009984       0xf0 ./Bmp.o
                0x0c009984                ucMouseMap
 .rodata        0x0c009a74       0x14 ./lcd.o
 .rodata        0x0c009a88        0xc ./sudoku_2025.o
 .rodata        0x0c009a94       0x40 ./tp.o
                0x0c009ad4                Image_RW_Limit = .
                0x0c009ad4                Image_ZI_Base = .

.bss            0x0c009ad4       0xe8
 *(.bss)
 .bss           0x0c009ad4        0x0 ./common/44binit.o
 .bss           0x0c009ad4        0x4 ./common/44blib.o
                0x0c009ad4                restart
 .bss           0x0c009ad8        0x0 ./common/AscII6x8.o
 .bss           0x0c009ad8        0x0 ./common/AscII8x16.o
 .bss           0x0c009ad8        0x0 ./8led.o
 .bss           0x0c009ad8        0x0 ./Bmp.o
 .bss           0x0c009ad8        0x6 ./button.o
 .bss           0x0c009ade        0x0 ./cola.o
 .bss           0x0c009ade        0x0 ./init_b.o
 .bss           0x0c009ade        0x0 ./lcd.o
 *fill*         0x0c009ade        0x2 00
 .bss           0x0c009ae0        0x4 ./led.o
 .bss           0x0c009ae4        0x4 ./main.o
                0x0c009ae4                celdas_vacias
 .bss           0x0c009ae8        0x0 ./sudoku_2025.o
 .bss           0x0c009ae8        0x4 ./timer.o
                0x0c009ae8                switch_leds
 .bss           0x0c009aec        0x8 ./timer1.o
 .bss           0x0c009af4        0x4 ./timer2.o
 .bss           0x0c009af8       0x1c ./timer3.o
 .bss           0x0c009b14        0x0 ./tp.o
 .bss           0x0c009b14        0x0 c:/program files/eclipsearm/sourcery-g++-lite-arm-2011.03/bin/../lib/gcc/arm-none-eabi/4.5.2\libgcc.a(_udivsi3.o)
 .bss           0x0c009b14        0x0 c:/program files/eclipsearm/sourcery-g++-lite-arm-2011.03/bin/../lib/gcc/arm-none-eabi/4.5.2\libgcc.a(_divsi3.o)
 .bss           0x0c009b14        0x0 c:/program files/eclipsearm/sourcery-g++-lite-arm-2011.03/bin/../lib/gcc/arm-none-eabi/4.5.2\libgcc.a(_dvmd_tls.o)
 .bss           0x0c009b14        0x0 c:/program files/eclipsearm/sourcery-g++-lite-arm-2011.03/bin/../lib/gcc/arm-none-eabi/4.5.2\libgcc.a(_arm_addsubdf3.o)
 .bss           0x0c009b14        0x0 c:/program files/eclipsearm/sourcery-g++-lite-arm-2011.03/bin/../lib/gcc/arm-none-eabi/4.5.2\libgcc.a(_arm_muldivdf3.o)
 .bss           0x0c009b14        0x0 c:/program files/eclipsearm/sourcery-g++-lite-arm-2011.03/bin/../lib/gcc/arm-none-eabi/4.5.2\libgcc.a(_arm_fixdfsi.o)
 .bss           0x0c009b14        0x0 c:/program files/eclipsearm/sourcery-g++-lite-arm-2011.03/bin/../lib/gcc/arm-none-eabi/4.5.2/../../../../arm-none-eabi/lib\libc.a(lib_a-strlen.o)
 COMMON         0x0c009b14        0x8 ./common/44blib.o
                0x0c009b14                fileSize
                0x0c009b18                downPt
 COMMON         0x0c009b1c       0x7c ./Bmp.o
                0x0c009b1c                ucCursorBackUp
                0x0c009b94                ulMouseY
                0x0c009b96                ulMouseX
 COMMON         0x0c009b98       0x24 ./main.o
                0x0c009b98                Ymin
                0x0c009b9c                Xmax
                0x0c009ba0                yn
                0x0c009ba4                Vx
                0x0c009ba8                Ymax
                0x0c009bac                oneTouch
                0x0c009bb0                Vy
                0x0c009bb4                Xmin
                0x0c009bb8                CheckTSP
                0x0c009bbc                Image_ZI_Limit = .
                0x0c009bbc                __bss_start__ = .
                0x0c009bbc                __bss_end__ = .
                0x0c009bbc                __EH_FRAME_BEGIN__ = .
                0x0c009bbc                __EH_FRAME_END__ = .
                0x0c009bbc                PROVIDE (__stack, .)
                0x0c009bbc                end = .
                0x0c009bbc                _end = .

.ARM.attributes
                0x00000000       0x2e
 .ARM.attributes
                0x00000000       0x22 ./common/44binit.o
 .ARM.attributes
                0x00000022       0x32 ./common/44blib.o
 .ARM.attributes
                0x00000054       0x32 ./common/AscII6x8.o
 .ARM.attributes
                0x00000086       0x32 ./common/AscII8x16.o
 .ARM.attributes
                0x000000b8       0x32 ./8led.o
 .ARM.attributes
                0x000000ea       0x32 ./Bmp.o
 .ARM.attributes
                0x0000011c       0x32 ./button.o
 .ARM.attributes
                0x0000014e       0x32 ./cola.o
 .ARM.attributes
                0x00000180       0x22 ./init_b.o
 .ARM.attributes
                0x000001a2       0x32 ./lcd.o
 .ARM.attributes
                0x000001d4       0x32 ./led.o
 .ARM.attributes
                0x00000206       0x32 ./main.o
 .ARM.attributes
                0x00000238       0x32 ./sudoku_2025.o
 .ARM.attributes
                0x0000026a       0x32 ./timer.o
 .ARM.attributes
                0x0000029c       0x32 ./timer1.o
 .ARM.attributes
                0x000002ce       0x32 ./timer2.o
 .ARM.attributes
                0x00000300       0x32 ./timer3.o
 .ARM.attributes
                0x00000332       0x32 ./tp.o
 .ARM.attributes
                0x00000364       0x1a c:/program files/eclipsearm/sourcery-g++-lite-arm-2011.03/bin/../lib/gcc/arm-none-eabi/4.5.2\libgcc.a(_udivsi3.o)
 .ARM.attributes
                0x0000037e       0x1a c:/program files/eclipsearm/sourcery-g++-lite-arm-2011.03/bin/../lib/gcc/arm-none-eabi/4.5.2\libgcc.a(_divsi3.o)
 .ARM.attributes
                0x00000398       0x18 c:/program files/eclipsearm/sourcery-g++-lite-arm-2011.03/bin/../lib/gcc/arm-none-eabi/4.5.2\libgcc.a(_dvmd_tls.o)
 .ARM.attributes
                0x000003b0       0x1a c:/program files/eclipsearm/sourcery-g++-lite-arm-2011.03/bin/../lib/gcc/arm-none-eabi/4.5.2\libgcc.a(_arm_addsubdf3.o)
 .ARM.attributes
                0x000003ca       0x1a c:/program files/eclipsearm/sourcery-g++-lite-arm-2011.03/bin/../lib/gcc/arm-none-eabi/4.5.2\libgcc.a(_arm_muldivdf3.o)
 .ARM.attributes
                0x000003e4       0x1a c:/program files/eclipsearm/sourcery-g++-lite-arm-2011.03/bin/../lib/gcc/arm-none-eabi/4.5.2\libgcc.a(_arm_fixdfsi.o)
 .ARM.attributes
                0x000003fe       0x34 c:/program files/eclipsearm/sourcery-g++-lite-arm-2011.03/bin/../lib/gcc/arm-none-eabi/4.5.2/../../../../arm-none-eabi/lib\libc.a(lib_a-strlen.o)

.comment        0x00000000       0x2a
 .comment       0x00000000       0x2a ./common/44blib.o
                                 0x2b (size before relaxing)
 .comment       0x00000000       0x2b ./common/AscII6x8.o
 .comment       0x00000000       0x2b ./common/AscII8x16.o
 .comment       0x00000000       0x2b ./8led.o
 .comment       0x00000000       0x2b ./Bmp.o
 .comment       0x00000000       0x2b ./button.o
 .comment       0x00000000       0x2b ./cola.o
 .comment       0x00000000       0x2b ./lcd.o
 .comment       0x00000000       0x2b ./led.o
 .comment       0x00000000       0x2b ./main.o
 .comment       0x00000000       0x2b ./sudoku_2025.o
 .comment       0x00000000       0x2b ./timer.o
 .comment       0x00000000       0x2b ./timer1.o
 .comment       0x00000000       0x2b ./timer2.o
 .comment       0x00000000       0x2b ./timer3.o
 .comment       0x00000000       0x2b ./tp.o

.debug_info     0x00000000     0x257f
 *(.debug_info)
 .debug_info    0x00000000       0x6c ./common/44binit.o
 .debug_info    0x0000006c      0x380 ./common/44blib.o
 .debug_info    0x000003ec       0x60 ./common/AscII6x8.o
 .debug_info    0x0000044c       0x60 ./common/AscII8x16.o
 .debug_info    0x000004ac      0x10d ./8led.o
 .debug_info    0x000005b9      0x33c ./Bmp.o
 .debug_info    0x000008f5      0x364 ./button.o
 .debug_info    0x00000c59      0x1d4 ./cola.o
 .debug_info    0x00000e2d       0x64 ./init_b.o
 .debug_info    0x00000e91      0x79d ./lcd.o
 .debug_info    0x0000162e       0xf6 ./led.o
 .debug_info    0x00001724      0x2ed ./main.o
 .debug_info    0x00001a11      0x49e ./sudoku_2025.o
 .debug_info    0x00001eaf       0x7a ./timer.o
 .debug_info    0x00001f29       0x82 ./timer1.o
 .debug_info    0x00001fab       0xea ./timer2.o
 .debug_info    0x00002095      0x25e ./timer3.o
 .debug_info    0x000022f3      0x28c ./tp.o

.debug_line     0x00000000     0x1eb7
 *(.debug_line)
 .debug_line    0x00000000      0x10f ./common/44binit.o
 .debug_line    0x0000010f      0x400 ./common/44blib.o
 .debug_line    0x0000050f       0x3e ./common/AscII6x8.o
 .debug_line    0x0000054d       0x3f ./common/AscII8x16.o
 .debug_line    0x0000058c       0xa2 ./8led.o
 .debug_line    0x0000062e      0x113 ./Bmp.o
 .debug_line    0x00000741      0x2ce ./button.o
 .debug_line    0x00000a0f      0x199 ./cola.o
 .debug_line    0x00000ba8      0x16d ./init_b.o
 .debug_line    0x00000d15      0x352 ./lcd.o
 .debug_line    0x00001067       0xb5 ./led.o
 .debug_line    0x0000111c      0x266 ./main.o
 .debug_line    0x00001382      0x2e6 ./sudoku_2025.o
 .debug_line    0x00001668       0xb2 ./timer.o
 .debug_line    0x0000171a       0xc0 ./timer1.o
 .debug_line    0x000017da       0xc3 ./timer2.o
 .debug_line    0x0000189d      0x224 ./timer3.o
 .debug_line    0x00001ac1      0x3f6 ./tp.o

.debug_abbrev   0x00000000      0xc9e
 *(.debug_abbrev)
 .debug_abbrev  0x00000000       0x14 ./common/44binit.o
 .debug_abbrev  0x00000014      0x136 ./common/44blib.o
 .debug_abbrev  0x0000014a       0x4b ./common/AscII6x8.o
 .debug_abbrev  0x00000195       0x4b ./common/AscII8x16.o
 .debug_abbrev  0x000001e0       0xa7 ./8led.o
 .debug_abbrev  0x00000287       0xf8 ./Bmp.o
 .debug_abbrev  0x0000037f      0x107 ./button.o
 .debug_abbrev  0x00000486       0xeb ./cola.o
 .debug_abbrev  0x00000571       0x14 ./init_b.o
 .debug_abbrev  0x00000585      0x1bc ./lcd.o
 .debug_abbrev  0x00000741       0x69 ./led.o
 .debug_abbrev  0x000007aa       0xf3 ./main.o
 .debug_abbrev  0x0000089d      0x103 ./sudoku_2025.o
 .debug_abbrev  0x000009a0       0x58 ./timer.o
 .debug_abbrev  0x000009f8       0x4c ./timer1.o
 .debug_abbrev  0x00000a44       0x65 ./timer2.o
 .debug_abbrev  0x00000aa9      0x113 ./timer3.o
 .debug_abbrev  0x00000bbc       0xe2 ./tp.o

.debug_frame    0x00000000      0xcfc
 *(.debug_frame)
 .debug_frame   0x00000000      0x1bc ./common/44blib.o
 .debug_frame   0x000001bc       0x50 ./8led.o
 .debug_frame   0x0000020c       0xf4 ./Bmp.o
 .debug_frame   0x00000300      0x13c ./button.o
 .debug_frame   0x0000043c       0x90 ./cola.o
 .debug_frame   0x000004cc      0x21c ./lcd.o
 .debug_frame   0x000006e8      0x110 ./led.o
 .debug_frame   0x000007f8       0x30 ./main.o
 .debug_frame   0x00000828      0x110 ./sudoku_2025.o
 .debug_frame   0x00000938       0x58 ./timer.o
 .debug_frame   0x00000990       0x5c ./timer1.o
 .debug_frame   0x000009ec       0x98 ./timer2.o
 .debug_frame   0x00000a84      0x11c ./timer3.o
 .debug_frame   0x00000ba0       0xfc ./tp.o
 .debug_frame   0x00000c9c       0x20 c:/program files/eclipsearm/sourcery-g++-lite-arm-2011.03/bin/../lib/gcc/arm-none-eabi/4.5.2\libgcc.a(_udivsi3.o)
 .debug_frame   0x00000cbc       0x20 c:/program files/eclipsearm/sourcery-g++-lite-arm-2011.03/bin/../lib/gcc/arm-none-eabi/4.5.2\libgcc.a(_divsi3.o)
 .debug_frame   0x00000cdc       0x20 c:/program files/eclipsearm/sourcery-g++-lite-arm-2011.03/bin/../lib/gcc/arm-none-eabi/4.5.2/../../../../arm-none-eabi/lib\libc.a(lib_a-strlen.o)
OUTPUT(practica3.elf elf32-littlearm)

.debug_aranges  0x00000000      0x200
 .debug_aranges
                0x00000000       0x20 ./common/44binit.o
 .debug_aranges
                0x00000020       0x20 ./common/44blib.o
 .debug_aranges
                0x00000040       0x20 ./8led.o
 .debug_aranges
                0x00000060       0x20 ./Bmp.o
 .debug_aranges
                0x00000080       0x20 ./button.o
 .debug_aranges
                0x000000a0       0x20 ./cola.o
 .debug_aranges
                0x000000c0       0x20 ./init_b.o
 .debug_aranges
                0x000000e0       0x20 ./lcd.o
 .debug_aranges
                0x00000100       0x20 ./led.o
 .debug_aranges
                0x00000120       0x20 ./main.o
 .debug_aranges
                0x00000140       0x20 ./sudoku_2025.o
 .debug_aranges
                0x00000160       0x20 ./timer.o
 .debug_aranges
                0x00000180       0x20 ./timer1.o
 .debug_aranges
                0x000001a0       0x20 ./timer2.o
 .debug_aranges
                0x000001c0       0x20 ./timer3.o
 .debug_aranges
                0x000001e0       0x20 ./tp.o

.debug_macinfo  0x00000000    0x4eee8
 .debug_macinfo
                0x00000000     0x82fb ./common/44blib.o
 .debug_macinfo
                0x000082fb     0x2297 ./common/AscII6x8.o
 .debug_macinfo
                0x0000a592     0x2297 ./common/AscII8x16.o
 .debug_macinfo
                0x0000c829     0x50b3 ./8led.o
 .debug_macinfo
                0x000118dc     0x289a ./Bmp.o
 .debug_macinfo
                0x00014176     0x6c7a ./button.o
 .debug_macinfo
                0x0001adf0     0x2a30 ./cola.o
 .debug_macinfo
                0x0001d820     0x587a ./lcd.o
 .debug_macinfo
                0x0002309a     0x50b2 ./led.o
 .debug_macinfo
                0x0002814c     0x6cbd ./main.o
 .debug_macinfo
                0x0002ee09     0x3f4d ./sudoku_2025.o
 .debug_macinfo
                0x00032d56     0x50c3 ./timer.o
 .debug_macinfo
                0x00037e19     0x5103 ./timer1.o
 .debug_macinfo
                0x0003cf1c     0x50b5 ./timer2.o
 .debug_macinfo
                0x00041fd1     0x5a96 ./timer3.o
 .debug_macinfo
                0x00047a67     0x7481 ./tp.o

.debug_loc      0x00000000      0xfa4
 .debug_loc     0x00000000      0x23c ./common/44blib.o
 .debug_loc     0x0000023c       0x58 ./8led.o
 .debug_loc     0x00000294      0x134 ./Bmp.o
 .debug_loc     0x000003c8      0x18c ./button.o
 .debug_loc     0x00000554       0xb0 ./cola.o
 .debug_loc     0x00000604      0x2c0 ./lcd.o
 .debug_loc     0x000008c4      0x160 ./led.o
 .debug_loc     0x00000a24       0x2c ./main.o
 .debug_loc     0x00000a50      0x160 ./sudoku_2025.o
 .debug_loc     0x00000bb0       0x58 ./timer.o
 .debug_loc     0x00000c08       0x58 ./timer1.o
 .debug_loc     0x00000c60       0xb0 ./timer2.o
 .debug_loc     0x00000d10      0x160 ./timer3.o
 .debug_loc     0x00000e70      0x134 ./tp.o

.debug_pubnames
                0x00000000      0x772
 .debug_pubnames
                0x00000000       0xf7 ./common/44blib.o
 .debug_pubnames
                0x000000f7       0x25 ./common/AscII6x8.o
 .debug_pubnames
                0x0000011c       0x26 ./common/AscII8x16.o
 .debug_pubnames
                0x00000142       0x32 ./8led.o
 .debug_pubnames
                0x00000174       0xcd ./Bmp.o
 .debug_pubnames
                0x00000241       0x35 ./button.o
 .debug_pubnames
                0x00000276       0x71 ./cola.o
 .debug_pubnames
                0x000002e7      0x123 ./lcd.o
 .debug_pubnames
                0x0000040a       0x7d ./led.o
 .debug_pubnames
                0x00000487       0x8f ./main.o
 .debug_pubnames
                0x00000516       0x7f ./sudoku_2025.o
 .debug_pubnames
                0x00000595       0x3f ./timer.o
 .debug_pubnames
                0x000005d4       0x31 ./timer1.o
 .debug_pubnames
                0x00000605       0x53 ./timer2.o
 .debug_pubnames
                0x00000658       0x66 ./timer3.o
 .debug_pubnames
                0x000006be       0xb4 ./tp.o

.debug_pubtypes
                0x00000000      0x1ff
 .debug_pubtypes
                0x00000000       0x12 ./common/44blib.o
 .debug_pubtypes
                0x00000012       0x2d ./Bmp.o
 .debug_pubtypes
                0x0000003f       0x46 ./button.o
 .debug_pubtypes
                0x00000085       0x48 ./cola.o
 .debug_pubtypes
                0x000000cd       0x2d ./lcd.o
 .debug_pubtypes
                0x000000fa       0x5f ./main.o
 .debug_pubtypes
                0x00000159       0x40 ./sudoku_2025.o
 .debug_pubtypes
                0x00000199       0x54 ./timer3.o
 .debug_pubtypes
                0x000001ed       0x12 ./tp.o

.debug_str      0x00000000      0xc82
 .debug_str     0x00000000      0x1a8 ./common/44blib.o
                                0x1e6 (size before relaxing)
 .debug_str     0x000001a8       0x24 ./common/AscII6x8.o
                                 0x78 (size before relaxing)
 .debug_str     0x000001cc       0x26 ./common/AscII8x16.o
                                 0x7a (size before relaxing)
 .debug_str     0x000001f2       0x6c ./8led.o
                                 0xb2 (size before relaxing)
 .debug_str     0x0000025e       0xfc ./Bmp.o
                                0x16a (size before relaxing)
 .debug_str     0x0000035a      0x20e ./button.o
                                0x2e2 (size before relaxing)
 .debug_str     0x00000568       0xa7 ./cola.o
                                0x180 (size before relaxing)
 .debug_str     0x0000060f      0x1a1 ./lcd.o
                                0x2a8 (size before relaxing)
 .debug_str     0x000007b0       0x68 ./led.o
                                 0xa1 (size before relaxing)
 .debug_str     0x00000818       0x97 ./main.o
                                0x21b (size before relaxing)
 .debug_str     0x000008af       0xf7 ./sudoku_2025.o
                                0x2cf (size before relaxing)
 .debug_str     0x000009a6       0x2c ./timer.o
                                 0x65 (size before relaxing)
 .debug_str     0x000009d2       0x42 ./timer1.o
                                 0x88 (size before relaxing)
 .debug_str     0x00000a14       0x9b ./timer2.o
                                 0xe1 (size before relaxing)
 .debug_str     0x00000aaf      0x18c ./timer3.o
                                0x28f (size before relaxing)
 .debug_str     0x00000c3b       0x47 ./tp.o
                                0x12f (size before relaxing)
