Archive member included because of file (symbol)

c:/program files/eclipsearm/sourcery-g++-lite-arm-2011.03/bin/../lib/gcc/arm-none-eabi/4.5.2\libgcc.a(_udivsi3.o)
                              ./tp.o (__aeabi_uidiv)
c:/program files/eclipsearm/sourcery-g++-lite-arm-2011.03/bin/../lib/gcc/arm-none-eabi/4.5.2\libgcc.a(_divsi3.o)
                              ./common/44blib.o (__aeabi_idiv)
c:/program files/eclipsearm/sourcery-g++-lite-arm-2011.03/bin/../lib/gcc/arm-none-eabi/4.5.2\libgcc.a(_dvmd_tls.o)
                              c:/program files/eclipsearm/sourcery-g++-lite-arm-2011.03/bin/../lib/gcc/arm-none-eabi/4.5.2\libgcc.a(_udivsi3.o) (__aeabi_idiv0)
c:/program files/eclipsearm/sourcery-g++-lite-arm-2011.03/bin/../lib/gcc/arm-none-eabi/4.5.2\libgcc.a(_arm_addsubdf3.o)
                              ./common/44blib.o (__aeabi_dadd)
c:/program files/eclipsearm/sourcery-g++-lite-arm-2011.03/bin/../lib/gcc/arm-none-eabi/4.5.2\libgcc.a(_arm_muldivdf3.o)
                              ./common/44blib.o (__aeabi_ddiv)
c:/program files/eclipsearm/sourcery-g++-lite-arm-2011.03/bin/../lib/gcc/arm-none-eabi/4.5.2\libgcc.a(_arm_fixdfsi.o)
                              ./common/44blib.o (__aeabi_d2iz)
c:/program files/eclipsearm/sourcery-g++-lite-arm-2011.03/bin/../lib/gcc/arm-none-eabi/4.5.2\libgcc.a(_aeabi_ldivmod.o)
                              ./tp.o (__aeabi_ldivmod)
c:/program files/eclipsearm/sourcery-g++-lite-arm-2011.03/bin/../lib/gcc/arm-none-eabi/4.5.2\libgcc.a(bpabi.o)
                              c:/program files/eclipsearm/sourcery-g++-lite-arm-2011.03/bin/../lib/gcc/arm-none-eabi/4.5.2\libgcc.a(_aeabi_ldivmod.o) (__gnu_ldivmod_helper)
c:/program files/eclipsearm/sourcery-g++-lite-arm-2011.03/bin/../lib/gcc/arm-none-eabi/4.5.2\libgcc.a(_divdi3.o)
                              c:/program files/eclipsearm/sourcery-g++-lite-arm-2011.03/bin/../lib/gcc/arm-none-eabi/4.5.2\libgcc.a(bpabi.o) (__divdi3)
c:/program files/eclipsearm/sourcery-g++-lite-arm-2011.03/bin/../lib/gcc/arm-none-eabi/4.5.2\libgcc.a(_udivdi3.o)
                              c:/program files/eclipsearm/sourcery-g++-lite-arm-2011.03/bin/../lib/gcc/arm-none-eabi/4.5.2\libgcc.a(bpabi.o) (__udivdi3)
c:/program files/eclipsearm/sourcery-g++-lite-arm-2011.03/bin/../lib/gcc/arm-none-eabi/4.5.2\libgcc.a(_clzsi2.o)
                              c:/program files/eclipsearm/sourcery-g++-lite-arm-2011.03/bin/../lib/gcc/arm-none-eabi/4.5.2\libgcc.a(_divdi3.o) (__clzsi2)
c:/program files/eclipsearm/sourcery-g++-lite-arm-2011.03/bin/../lib/gcc/arm-none-eabi/4.5.2/../../../../arm-none-eabi/lib\libc.a(lib_a-strlen.o)
                              ./lcd.o (strlen)

Allocating common symbols
Common symbol       size              file

ucCursorBackUp      0x78              ./Bmp.o
ulMouseY            0x2               ./Bmp.o
Ymin                0x4               ./button.o
Xmax                0x4               ./button.o
fileSize            0x4               ./common/44blib.o
ulMouseX            0x2               ./Bmp.o
Vx                  0x4               ./button.o
resta               0x4               ./timer2.o
Ymax                0x4               ./button.o
tiempo_fin          0x4               ./timer2.o
tiempo_inicio       0x4               ./timer2.o
oneTouch            0x4               ./button.o
Vy                  0x4               ./button.o
Xmin                0x4               ./button.o
downPt              0x4               ./common/44blib.o
CheckTSP            0x4               ./button.o

Memory Configuration

Name             Origin             Length             Attributes
*default*        0x00000000         0xffffffff

Linker script and memory map

LOAD ./common/44binit.o
LOAD ./common/44blib.o
LOAD ./common/AscII6x8.o
LOAD ./common/AscII8x16.o
LOAD ./8led.o
LOAD ./Bmp.o
LOAD ./button.o
LOAD ./celda.o
LOAD ./cola.o
LOAD ./init_b.o
LOAD ./lcd.o
LOAD ./led.o
LOAD ./main.o
LOAD ./sudoku_2025.o
LOAD ./sudoku_lcd.o
LOAD ./tableros.o
LOAD ./timer.o
LOAD ./timer1.o
LOAD ./timer2.o
LOAD ./tp.o
START GROUP
LOAD c:/program files/eclipsearm/sourcery-g++-lite-arm-2011.03/bin/../lib/gcc/arm-none-eabi/4.5.2\libgcc.a
LOAD c:/program files/eclipsearm/sourcery-g++-lite-arm-2011.03/bin/../lib/gcc/arm-none-eabi/4.5.2/../../../../arm-none-eabi/lib\libc.a
END GROUP
                0x0c000000                . = 0xc000000
                0x0c000000                Image_RO_Base = .

.text           0x0c000000     0xe25c
 *(.text)
 .text          0x0c000000      0x70c ./common/44binit.o
 .text          0x0c00070c      0x8bc ./common/44blib.o
                0x0c00070c                Delay
                0x0c000844                DelayMs
                0x0c0008a8                DelayTime
                0x0c0008f0                Port_Init
                0x0c000a80                Uart_Init
                0x0c000ca8                Timer_Start
                0x0c000d1c                Timer_Stop
                0x0c000d5c                Beep
                0x0c000dc0                ChangePllValue
                0x0c000e0c                malloc
                0x0c000eac                free
                0x0c000edc                Cache_Flush
                0x0c000f58                sys_init
 .text          0x0c000fc8        0x0 ./common/AscII6x8.o
 .text          0x0c000fc8        0x0 ./common/AscII8x16.o
 .text          0x0c000fc8       0x78 ./8led.o
                0x0c000fc8                D8Led_init
                0x0c000fec                D8Led_symbol
 .text          0x0c001040      0x800 ./Bmp.o
                0x0c001040                BitmapView
                0x0c0011cc                BitmapPush
                0x0c001438                BitmapPop
                0x0c0016c4                CursorInit
                0x0c001718                CursorPush
                0x0c001774                CursorPop
                0x0c0017d0                CursorView
 .text          0x0c001840     0x4d0c ./button.o
                0x0c0018a8                Eint4567_ISR
                0x0c001a78                Eint1_ISR
                0x0c001b18                Eint4567_init
                0x0c001c00                eint1_init
                0x0c001f64                procesar_maquina_estados_botones
                0x0c002040                procesar_teclado
                0x0c002188                leer_estado_boton
                0x0c0021fc                procesar_antirebote_botones
                0x0c003280                teclado_soltado
                0x0c0033dc                marcar_pistas_iniciales
                0x0c004a84                procesar_touchscreen_sudoku
 .text          0x0c00654c       0x38 ./celda.o
                0x0c00654c                celda_leer_valor
 .text          0x0c006584      0x1cc ./cola.o
                0x0c006584                cola_init
                0x0c006664                cola_depuracion
 .text          0x0c006750      0x440 ./init_b.o
                0x0c006750                candidatos_propagar_arm
                0x0c006868                candidatos_actualizar_arm_c
                0x0c006918                candidatos_actualizar_arm
                0x0c0069c8                candidatos_actualizar_all
 .text          0x0c006b90     0x2088 ./lcd.o
                0x0c006b90                Lcd_Init
                0x0c006d24                Lcd_Active_Clr
                0x0c006d8c                LCD_GetPixel
                0x0c006e5c                Lcd_Clr
                0x0c006ec8                LcdClrRect
                0x0c007518                Lcd_Draw_Box
                0x0c0075b4                Lcd_Draw_Line
                0x0c007f0c                Lcd_Draw_HLine
                0x0c008114                Lcd_Draw_VLine
                0x0c00834c                Lcd_DisplayString
                0x0c008378                Lcd_DspAscII8x16
                0x0c00868c                Lcd_DspAscII6x8
                0x0c008850                ReverseLine
                0x0c008944                Zdma0Done
                0x0c008984                Lcd_Dma_Trans
                0x0c008a34                Lcd_Test
 .text          0x0c008c18      0x268 ./led.o
                0x0c008c18                leds_on
                0x0c008c38                leds_off
                0x0c008c58                led1_on
                0x0c008c98                led1_off
                0x0c008cd8                led2_on
                0x0c008d08                led2_off
                0x0c008d48                leds_switch
                0x0c008d88                led2_switch
                0x0c008dc4                Led_Display
 .text          0x0c008e80       0x54 ./main.o
                0x0c008e80                Main
 .text          0x0c008ed4      0x58c ./sudoku_2025.o
                0x0c008f30                candidatos_propagar_c
                0x0c009180                candidatos_actualizar_c
 .text          0x0c009460     0x10e4 ./sudoku_lcd.o
                0x0c009460                sudoku_mostrar_pantalla_inicial
                0x0c009570                sudoku_dibujar_marco_tablero
                0x0c009a80                sudoku_dibujar_celda_completa
                0x0c00a074                sudoku_dibujar_numero_celda
                0x0c00a0c8                sudoku_resaltar_celda
                0x0c00a258                sudoku_dibujar_tablero_completo
                0x0c00a3b0                sudoku_actualizar_celda
                0x0c00a4c8                sudoku_mostrar_victoria
                0x0c00a520                sudoku_iniciar_juego
 .text          0x0c00a544        0x0 ./tableros.o
 .text          0x0c00a544      0x108 ./timer.o
                0x0c00a544                timer_ISR
                0x0c00a58c                timer_init
 .text          0x0c00a64c      0x138 ./timer1.o
                0x0c00a64c                timer1_ISR
                0x0c00a6bc                timer1_init
 .text          0x0c00a784      0x23c ./timer2.o
                0x0c00a784                timer2_ISR
                0x0c00a7dc                timer2_init
                0x0c00a8bc                timer2_start
                0x0c00a960                timer2_count
 .text          0x0c00a9c0     0x22e0 ./tp.o
                0x0c00a9c0                TS_Test
                0x0c00a9e4                TSInt
                0x0c00afa4                TS_init
                0x0c00b090                TS_close
                0x0c00b0d0                Lcd_TC
                0x0c00b448                DesignREC
                0x0c00b57c                Check_Sel
                0x0c00b9b0                report_touch_data
                0x0c00bf54                ts_calibrate_5pt
                0x0c00c430                ts_read_calibrated
                0x0c00c63c                ts_test_calibracion
                0x0c00c7f0                ts_test_numeros
 .text          0x0c00cca0      0x114 c:/program files/eclipsearm/sourcery-g++-lite-arm-2011.03/bin/../lib/gcc/arm-none-eabi/4.5.2\libgcc.a(_udivsi3.o)
                0x0c00cca0                __aeabi_uidiv
                0x0c00cca0                __udivsi3
                0x0c00cd94                __aeabi_uidivmod
 .text          0x0c00cdb4      0x148 c:/program files/eclipsearm/sourcery-g++-lite-arm-2011.03/bin/../lib/gcc/arm-none-eabi/4.5.2\libgcc.a(_divsi3.o)
                0x0c00cdb4                __divsi3
                0x0c00cdb4                __aeabi_idiv
                0x0c00cedc                __aeabi_idivmod
 .text          0x0c00cefc        0x4 c:/program files/eclipsearm/sourcery-g++-lite-arm-2011.03/bin/../lib/gcc/arm-none-eabi/4.5.2\libgcc.a(_dvmd_tls.o)
                0x0c00cefc                __aeabi_idiv0
                0x0c00cefc                __aeabi_ldiv0
 .text          0x0c00cf00      0x41c c:/program files/eclipsearm/sourcery-g++-lite-arm-2011.03/bin/../lib/gcc/arm-none-eabi/4.5.2\libgcc.a(_arm_addsubdf3.o)
                0x0c00cf00                __aeabi_drsub
                0x0c00cf08                __aeabi_dsub
                0x0c00cf08                __subdf3
                0x0c00cf0c                __aeabi_dadd
                0x0c00cf0c                __adddf3
                0x0c00d21c                __floatunsidf
                0x0c00d21c                __aeabi_ui2d
                0x0c00d240                __floatsidf
                0x0c00d240                __aeabi_i2d
                0x0c00d268                __aeabi_f2d
                0x0c00d268                __extendsfdf2
                0x0c00d2a8                __floatundidf
                0x0c00d2a8                __aeabi_ul2d
                0x0c00d2bc                __floatdidf
                0x0c00d2bc                __aeabi_l2d
 .text          0x0c00d31c      0x49c c:/program files/eclipsearm/sourcery-g++-lite-arm-2011.03/bin/../lib/gcc/arm-none-eabi/4.5.2\libgcc.a(_arm_muldivdf3.o)
                0x0c00d31c                __aeabi_dmul
                0x0c00d31c                __muldf3
                0x0c00d5ac                __divdf3
                0x0c00d5ac                __aeabi_ddiv
 .text          0x0c00d7b8       0x5c c:/program files/eclipsearm/sourcery-g++-lite-arm-2011.03/bin/../lib/gcc/arm-none-eabi/4.5.2\libgcc.a(_arm_fixdfsi.o)
                0x0c00d7b8                __aeabi_d2iz
                0x0c00d7b8                __fixdfsi
 .text          0x0c00d814       0x44 c:/program files/eclipsearm/sourcery-g++-lite-arm-2011.03/bin/../lib/gcc/arm-none-eabi/4.5.2\libgcc.a(_aeabi_ldivmod.o)
                0x0c00d814                __aeabi_ldivmod
 .text          0x0c00d858       0x80 c:/program files/eclipsearm/sourcery-g++-lite-arm-2011.03/bin/../lib/gcc/arm-none-eabi/4.5.2\libgcc.a(bpabi.o)
                0x0c00d858                __gnu_ldivmod_helper
                0x0c00d898                __gnu_uldivmod_helper
 .text          0x0c00d8d8      0x4a8 c:/program files/eclipsearm/sourcery-g++-lite-arm-2011.03/bin/../lib/gcc/arm-none-eabi/4.5.2\libgcc.a(_divdi3.o)
                0x0c00d8d8                __divdi3
 .text          0x0c00dd80      0x434 c:/program files/eclipsearm/sourcery-g++-lite-arm-2011.03/bin/../lib/gcc/arm-none-eabi/4.5.2\libgcc.a(_udivdi3.o)
                0x0c00dd80                __udivdi3
 .text          0x0c00e1b4       0x48 c:/program files/eclipsearm/sourcery-g++-lite-arm-2011.03/bin/../lib/gcc/arm-none-eabi/4.5.2\libgcc.a(_clzsi2.o)
                0x0c00e1b4                __clzsi2
 .text          0x0c00e1fc       0x60 c:/program files/eclipsearm/sourcery-g++-lite-arm-2011.03/bin/../lib/gcc/arm-none-eabi/4.5.2/../../../../arm-none-eabi/lib\libc.a(lib_a-strlen.o)
                0x0c00e1fc                strlen
                0x0c00e25c                Image_RO_Limit = .
                0x0c00e25c                Image_RW_Base = .

.glue_7         0x0c00e25c        0x0
 .glue_7        0x00000000        0x0 linker stubs

.glue_7t        0x0c00e25c        0x0
 .glue_7t       0x00000000        0x0 linker stubs

.vfp11_veneer   0x0c00e25c        0x0
 .vfp11_veneer  0x00000000        0x0 linker stubs

.v4_bx          0x0c00e25c        0x0
 .v4_bx         0x00000000        0x0 linker stubs

.data           0x0c00e260      0x660
 *(.data)
 .data          0x0c00e260        0x6 ./common/44binit.o
                0x0c00e260                BDRAMTYPE
 *fill*         0x0c00e266        0x2 00
 .data          0x0c00e268        0xc ./common/44blib.o
                0x0c00e268                mallocPt
                0x0c00e26c                run
 .data          0x0c00e274        0x0 ./common/AscII6x8.o
 .data          0x0c00e274        0x0 ./common/AscII8x16.o
 .data          0x0c00e274       0x44 ./8led.o
 .data          0x0c00e2b8       0x10 ./Bmp.o
                0x0c00e2b8                Stru_Bitmap_gbMouse
 .data          0x0c00e2c8       0x34 ./button.o
 .data          0x0c00e2fc        0x0 ./celda.o
 .data          0x0c00e2fc        0x0 ./cola.o
 .data          0x0c00e2fc        0x9 ./init_b.o
 .data          0x0c00e305        0x1 ./lcd.o
 .data          0x0c00e306        0x0 ./led.o
 .data          0x0c00e306        0x0 ./main.o
 .data          0x0c00e306        0x0 ./sudoku_2025.o
 .data          0x0c00e306        0x0 ./sudoku_lcd.o
 *fill*         0x0c00e306       0x1a 00
 .data          0x0c00e320      0x5a0 ./tableros.o
                0x0c00e320                cuadricula_C_C
                0x0c00e440                cuadricula_C_ARM
                0x0c00e560                cuadricula_ARM_C
                0x0c00e680                cuadricula_ARM_ARM
                0x0c00e7a0                solucion
 .data          0x0c00e8c0        0x0 ./timer.o
 .data          0x0c00e8c0        0x0 ./timer1.o
 .data          0x0c00e8c0        0x0 ./timer2.o
 .data          0x0c00e8c0        0x0 ./tp.o
 .data          0x0c00e8c0        0x0 c:/program files/eclipsearm/sourcery-g++-lite-arm-2011.03/bin/../lib/gcc/arm-none-eabi/4.5.2\libgcc.a(_udivsi3.o)
 .data          0x0c00e8c0        0x0 c:/program files/eclipsearm/sourcery-g++-lite-arm-2011.03/bin/../lib/gcc/arm-none-eabi/4.5.2\libgcc.a(_divsi3.o)
 .data          0x0c00e8c0        0x0 c:/program files/eclipsearm/sourcery-g++-lite-arm-2011.03/bin/../lib/gcc/arm-none-eabi/4.5.2\libgcc.a(_dvmd_tls.o)
 .data          0x0c00e8c0        0x0 c:/program files/eclipsearm/sourcery-g++-lite-arm-2011.03/bin/../lib/gcc/arm-none-eabi/4.5.2\libgcc.a(_arm_addsubdf3.o)
 .data          0x0c00e8c0        0x0 c:/program files/eclipsearm/sourcery-g++-lite-arm-2011.03/bin/../lib/gcc/arm-none-eabi/4.5.2\libgcc.a(_arm_muldivdf3.o)
 .data          0x0c00e8c0        0x0 c:/program files/eclipsearm/sourcery-g++-lite-arm-2011.03/bin/../lib/gcc/arm-none-eabi/4.5.2\libgcc.a(_arm_fixdfsi.o)
 .data          0x0c00e8c0        0x0 c:/program files/eclipsearm/sourcery-g++-lite-arm-2011.03/bin/../lib/gcc/arm-none-eabi/4.5.2\libgcc.a(_aeabi_ldivmod.o)
 .data          0x0c00e8c0        0x0 c:/program files/eclipsearm/sourcery-g++-lite-arm-2011.03/bin/../lib/gcc/arm-none-eabi/4.5.2\libgcc.a(bpabi.o)
 .data          0x0c00e8c0        0x0 c:/program files/eclipsearm/sourcery-g++-lite-arm-2011.03/bin/../lib/gcc/arm-none-eabi/4.5.2\libgcc.a(_divdi3.o)
 .data          0x0c00e8c0        0x0 c:/program files/eclipsearm/sourcery-g++-lite-arm-2011.03/bin/../lib/gcc/arm-none-eabi/4.5.2\libgcc.a(_udivdi3.o)
 .data          0x0c00e8c0        0x0 c:/program files/eclipsearm/sourcery-g++-lite-arm-2011.03/bin/../lib/gcc/arm-none-eabi/4.5.2\libgcc.a(_clzsi2.o)
 .data          0x0c00e8c0        0x0 c:/program files/eclipsearm/sourcery-g++-lite-arm-2011.03/bin/../lib/gcc/arm-none-eabi/4.5.2/../../../../arm-none-eabi/lib\libc.a(lib_a-strlen.o)

.cola_debug     0x0c00e8c0      0xc00
 .cola_debug    0x0c00e8c0      0xc00 ./cola.o

.rodata         0x0c00f4c0     0x17b4
 *(.rodata)
 .rodata        0x0c00f4c0      0x400 ./common/AscII6x8.o
                0x0c00f4c0                g_auc_Ascii6x8
 .rodata        0x0c00f8c0     0x1004 ./common/AscII8x16.o
                0x0c00f8c0                g_auc_Ascii8x16
 .rodata        0x0c0108c4       0xf0 ./Bmp.o
                0x0c0108c4                ucMouseMap
 .rodata        0x0c0109b4       0x9c ./button.o
 .rodata        0x0c010a50       0x14 ./lcd.o
 .rodata        0x0c010a64        0xc ./sudoku_2025.o
 .rodata        0x0c010a70       0xf4 ./sudoku_lcd.o
 .rodata        0x0c010b64      0x110 ./tp.o
                0x0c010c74                Image_RW_Limit = .
                0x0c010c74                Image_ZI_Base = .

.ARM.extab      0x0c010c74        0x0
 .ARM.extab     0x0c010c74        0x0 c:/program files/eclipsearm/sourcery-g++-lite-arm-2011.03/bin/../lib/gcc/arm-none-eabi/4.5.2\libgcc.a(_divdi3.o)
 .ARM.extab     0x0c010c74        0x0 c:/program files/eclipsearm/sourcery-g++-lite-arm-2011.03/bin/../lib/gcc/arm-none-eabi/4.5.2\libgcc.a(_udivdi3.o)

.ARM.exidx      0x0c010c74        0x8
 .ARM.exidx     0x0c010c74        0x8 c:/program files/eclipsearm/sourcery-g++-lite-arm-2011.03/bin/../lib/gcc/arm-none-eabi/4.5.2\libgcc.a(_divdi3.o)
 .ARM.exidx     0x0c010c7c        0x0 c:/program files/eclipsearm/sourcery-g++-lite-arm-2011.03/bin/../lib/gcc/arm-none-eabi/4.5.2\libgcc.a(_udivdi3.o)
                                  0x8 (size before relaxing)

.bss            0x0c010c7c      0x140
 *(.bss)
 .bss           0x0c010c7c        0x0 ./common/44binit.o
 .bss           0x0c010c7c        0x4 ./common/44blib.o
                0x0c010c7c                restart
 .bss           0x0c010c80        0x0 ./common/AscII6x8.o
 .bss           0x0c010c80        0x0 ./common/AscII8x16.o
 .bss           0x0c010c80        0x0 ./8led.o
 .bss           0x0c010c80        0x0 ./Bmp.o
 .bss           0x0c010c80       0x44 ./button.o
 .bss           0x0c010cc4        0x0 ./celda.o
 .bss           0x0c010cc4        0x8 ./cola.o
 .bss           0x0c010ccc        0x0 ./init_b.o
 .bss           0x0c010ccc        0x0 ./lcd.o
 .bss           0x0c010ccc        0x4 ./led.o
 .bss           0x0c010cd0        0x0 ./main.o
 .bss           0x0c010cd0        0x0 ./sudoku_2025.o
 .bss           0x0c010cd0        0x0 ./sudoku_lcd.o
 .bss           0x0c010cd0        0x0 ./tableros.o
 .bss           0x0c010cd0        0x4 ./timer.o
                0x0c010cd0                switch_leds
 .bss           0x0c010cd4        0x4 ./timer1.o
 .bss           0x0c010cd8        0x4 ./timer2.o
 .bss           0x0c010cdc       0x30 ./tp.o
 .bss           0x0c010d0c        0x0 c:/program files/eclipsearm/sourcery-g++-lite-arm-2011.03/bin/../lib/gcc/arm-none-eabi/4.5.2\libgcc.a(_udivsi3.o)
 .bss           0x0c010d0c        0x0 c:/program files/eclipsearm/sourcery-g++-lite-arm-2011.03/bin/../lib/gcc/arm-none-eabi/4.5.2\libgcc.a(_divsi3.o)
 .bss           0x0c010d0c        0x0 c:/program files/eclipsearm/sourcery-g++-lite-arm-2011.03/bin/../lib/gcc/arm-none-eabi/4.5.2\libgcc.a(_dvmd_tls.o)
 .bss           0x0c010d0c        0x0 c:/program files/eclipsearm/sourcery-g++-lite-arm-2011.03/bin/../lib/gcc/arm-none-eabi/4.5.2\libgcc.a(_arm_addsubdf3.o)
 .bss           0x0c010d0c        0x0 c:/program files/eclipsearm/sourcery-g++-lite-arm-2011.03/bin/../lib/gcc/arm-none-eabi/4.5.2\libgcc.a(_arm_muldivdf3.o)
 .bss           0x0c010d0c        0x0 c:/program files/eclipsearm/sourcery-g++-lite-arm-2011.03/bin/../lib/gcc/arm-none-eabi/4.5.2\libgcc.a(_arm_fixdfsi.o)
 .bss           0x0c010d0c        0x0 c:/program files/eclipsearm/sourcery-g++-lite-arm-2011.03/bin/../lib/gcc/arm-none-eabi/4.5.2\libgcc.a(_aeabi_ldivmod.o)
 .bss           0x0c010d0c        0x0 c:/program files/eclipsearm/sourcery-g++-lite-arm-2011.03/bin/../lib/gcc/arm-none-eabi/4.5.2\libgcc.a(bpabi.o)
 .bss           0x0c010d0c        0x0 c:/program files/eclipsearm/sourcery-g++-lite-arm-2011.03/bin/../lib/gcc/arm-none-eabi/4.5.2\libgcc.a(_divdi3.o)
 .bss           0x0c010d0c        0x0 c:/program files/eclipsearm/sourcery-g++-lite-arm-2011.03/bin/../lib/gcc/arm-none-eabi/4.5.2\libgcc.a(_udivdi3.o)
 .bss           0x0c010d0c        0x0 c:/program files/eclipsearm/sourcery-g++-lite-arm-2011.03/bin/../lib/gcc/arm-none-eabi/4.5.2\libgcc.a(_clzsi2.o)
 .bss           0x0c010d0c        0x0 c:/program files/eclipsearm/sourcery-g++-lite-arm-2011.03/bin/../lib/gcc/arm-none-eabi/4.5.2/../../../../arm-none-eabi/lib\libc.a(lib_a-strlen.o)
 COMMON         0x0c010d0c        0x8 ./common/44blib.o
                0x0c010d0c                fileSize
                0x0c010d10                downPt
 COMMON         0x0c010d14       0x7c ./Bmp.o
                0x0c010d14                ucCursorBackUp
                0x0c010d8c                ulMouseY
                0x0c010d8e                ulMouseX
 COMMON         0x0c010d90       0x20 ./button.o
                0x0c010d90                Ymin
                0x0c010d94                Xmax
                0x0c010d98                Vx
                0x0c010d9c                Ymax
                0x0c010da0                oneTouch
                0x0c010da4                Vy
                0x0c010da8                Xmin
                0x0c010dac                CheckTSP
 COMMON         0x0c010db0        0x0 ./main.o
 COMMON         0x0c010db0        0xc ./timer2.o
                0x0c010db0                resta
                0x0c010db4                tiempo_fin
                0x0c010db8                tiempo_inicio
                0x0c010dbc                Image_ZI_Limit = .
                0x0c010dbc                __bss_start__ = .
                0x0c010dbc                __bss_end__ = .
                0x0c010dbc                __EH_FRAME_BEGIN__ = .
                0x0c010dbc                __EH_FRAME_END__ = .
                0x0c010dbc                PROVIDE (__stack, .)
                0x0c010dbc                end = .
                0x0c010dbc                _end = .

.ARM.attributes
                0x00000000       0x2e
 .ARM.attributes
                0x00000000       0x22 ./common/44binit.o
 .ARM.attributes
                0x00000022       0x32 ./common/44blib.o
 .ARM.attributes
                0x00000054       0x32 ./common/AscII6x8.o
 .ARM.attributes
                0x00000086       0x32 ./common/AscII8x16.o
 .ARM.attributes
                0x000000b8       0x32 ./8led.o
 .ARM.attributes
                0x000000ea       0x32 ./Bmp.o
 .ARM.attributes
                0x0000011c       0x32 ./button.o
 .ARM.attributes
                0x0000014e       0x32 ./celda.o
 .ARM.attributes
                0x00000180       0x32 ./cola.o
 .ARM.attributes
                0x000001b2       0x22 ./init_b.o
 .ARM.attributes
                0x000001d4       0x32 ./lcd.o
 .ARM.attributes
                0x00000206       0x32 ./led.o
 .ARM.attributes
                0x00000238       0x32 ./main.o
 .ARM.attributes
                0x0000026a       0x32 ./sudoku_2025.o
 .ARM.attributes
                0x0000029c       0x32 ./sudoku_lcd.o
 .ARM.attributes
                0x000002ce       0x32 ./tableros.o
 .ARM.attributes
                0x00000300       0x32 ./timer.o
 .ARM.attributes
                0x00000332       0x32 ./timer1.o
 .ARM.attributes
                0x00000364       0x32 ./timer2.o
 .ARM.attributes
                0x00000396       0x32 ./tp.o
 .ARM.attributes
                0x000003c8       0x1a c:/program files/eclipsearm/sourcery-g++-lite-arm-2011.03/bin/../lib/gcc/arm-none-eabi/4.5.2\libgcc.a(_udivsi3.o)
 .ARM.attributes
                0x000003e2       0x1a c:/program files/eclipsearm/sourcery-g++-lite-arm-2011.03/bin/../lib/gcc/arm-none-eabi/4.5.2\libgcc.a(_divsi3.o)
 .ARM.attributes
                0x000003fc       0x18 c:/program files/eclipsearm/sourcery-g++-lite-arm-2011.03/bin/../lib/gcc/arm-none-eabi/4.5.2\libgcc.a(_dvmd_tls.o)
 .ARM.attributes
                0x00000414       0x1a c:/program files/eclipsearm/sourcery-g++-lite-arm-2011.03/bin/../lib/gcc/arm-none-eabi/4.5.2\libgcc.a(_arm_addsubdf3.o)
 .ARM.attributes
                0x0000042e       0x1a c:/program files/eclipsearm/sourcery-g++-lite-arm-2011.03/bin/../lib/gcc/arm-none-eabi/4.5.2\libgcc.a(_arm_muldivdf3.o)
 .ARM.attributes
                0x00000448       0x1a c:/program files/eclipsearm/sourcery-g++-lite-arm-2011.03/bin/../lib/gcc/arm-none-eabi/4.5.2\libgcc.a(_arm_fixdfsi.o)
 .ARM.attributes
                0x00000462       0x1a c:/program files/eclipsearm/sourcery-g++-lite-arm-2011.03/bin/../lib/gcc/arm-none-eabi/4.5.2\libgcc.a(_aeabi_ldivmod.o)
 .ARM.attributes
                0x0000047c       0x34 c:/program files/eclipsearm/sourcery-g++-lite-arm-2011.03/bin/../lib/gcc/arm-none-eabi/4.5.2\libgcc.a(bpabi.o)
 .ARM.attributes
                0x000004b0       0x34 c:/program files/eclipsearm/sourcery-g++-lite-arm-2011.03/bin/../lib/gcc/arm-none-eabi/4.5.2\libgcc.a(_divdi3.o)
 .ARM.attributes
                0x000004e4       0x34 c:/program files/eclipsearm/sourcery-g++-lite-arm-2011.03/bin/../lib/gcc/arm-none-eabi/4.5.2\libgcc.a(_udivdi3.o)
 .ARM.attributes
                0x00000518       0x1a c:/program files/eclipsearm/sourcery-g++-lite-arm-2011.03/bin/../lib/gcc/arm-none-eabi/4.5.2\libgcc.a(_clzsi2.o)
 .ARM.attributes
                0x00000532       0x34 c:/program files/eclipsearm/sourcery-g++-lite-arm-2011.03/bin/../lib/gcc/arm-none-eabi/4.5.2/../../../../arm-none-eabi/lib\libc.a(lib_a-strlen.o)

.comment        0x00000000       0x2a
 .comment       0x00000000       0x2a ./common/44blib.o
                                 0x2b (size before relaxing)
 .comment       0x00000000       0x2b ./common/AscII6x8.o
 .comment       0x00000000       0x2b ./common/AscII8x16.o
 .comment       0x00000000       0x2b ./8led.o
 .comment       0x00000000       0x2b ./Bmp.o
 .comment       0x00000000       0x2b ./button.o
 .comment       0x00000000       0x2b ./celda.o
 .comment       0x00000000       0x2b ./cola.o
 .comment       0x00000000       0x2b ./lcd.o
 .comment       0x00000000       0x2b ./led.o
 .comment       0x00000000       0x2b ./main.o
 .comment       0x00000000       0x2b ./sudoku_2025.o
 .comment       0x00000000       0x2b ./sudoku_lcd.o
 .comment       0x00000000       0x2b ./tableros.o
 .comment       0x00000000       0x2b ./timer.o
 .comment       0x00000000       0x2b ./timer1.o
 .comment       0x00000000       0x2b ./timer2.o
 .comment       0x00000000       0x2b ./tp.o

.debug_info     0x00000000     0x3f62
 *(.debug_info)
 .debug_info    0x00000000       0x6c ./common/44binit.o
 .debug_info    0x0000006c      0x380 ./common/44blib.o
 .debug_info    0x000003ec       0x60 ./common/AscII6x8.o
 .debug_info    0x0000044c       0x60 ./common/AscII8x16.o
 .debug_info    0x000004ac      0x10d ./8led.o
 .debug_info    0x000005b9      0x33c ./Bmp.o
 .debug_info    0x000008f5     0x14c3 ./button.o
 .debug_info    0x00001db8       0xb9 ./celda.o
 .debug_info    0x00001e71      0x176 ./cola.o
 .debug_info    0x00001fe7       0x64 ./init_b.o
 .debug_info    0x0000204b      0x79d ./lcd.o
 .debug_info    0x000027e8      0x14a ./led.o
 .debug_info    0x00002932      0x145 ./main.o
 .debug_info    0x00002a77      0x2ce ./sudoku_2025.o
 .debug_info    0x00002d45      0x5a6 ./sudoku_lcd.o
 .debug_info    0x000032eb      0x111 ./tableros.o
 .debug_info    0x000033fc       0x7f ./timer.o
 .debug_info    0x0000347b       0x71 ./timer1.o
 .debug_info    0x000034ec      0x16e ./timer2.o
 .debug_info    0x0000365a      0x908 ./tp.o

.debug_line     0x00000000     0x2b89
 *(.debug_line)
 .debug_line    0x00000000      0x10f ./common/44binit.o
 .debug_line    0x0000010f      0x400 ./common/44blib.o
 .debug_line    0x0000050f       0x3e ./common/AscII6x8.o
 .debug_line    0x0000054d       0x3f ./common/AscII8x16.o
 .debug_line    0x0000058c       0xa2 ./8led.o
 .debug_line    0x0000062e      0x113 ./Bmp.o
 .debug_line    0x00000741      0x9c1 ./button.o
 .debug_line    0x00001102      0x160 ./celda.o
 .debug_line    0x00001262      0x1d3 ./cola.o
 .debug_line    0x00001435      0x151 ./init_b.o
 .debug_line    0x00001586      0x352 ./lcd.o
 .debug_line    0x000018d8      0x1e1 ./led.o
 .debug_line    0x00001ab9      0x285 ./main.o
 .debug_line    0x00001d3e      0x250 ./sudoku_2025.o
 .debug_line    0x00001f8e      0x370 ./sudoku_lcd.o
 .debug_line    0x000022fe      0x177 ./tableros.o
 .debug_line    0x00002475       0xa6 ./timer.o
 .debug_line    0x0000251b       0xb8 ./timer1.o
 .debug_line    0x000025d3      0x207 ./timer2.o
 .debug_line    0x000027da      0x3af ./tp.o

.debug_abbrev   0x00000000      0xf7e
 *(.debug_abbrev)
 .debug_abbrev  0x00000000       0x14 ./common/44binit.o
 .debug_abbrev  0x00000014      0x136 ./common/44blib.o
 .debug_abbrev  0x0000014a       0x4b ./common/AscII6x8.o
 .debug_abbrev  0x00000195       0x4b ./common/AscII8x16.o
 .debug_abbrev  0x000001e0       0xa7 ./8led.o
 .debug_abbrev  0x00000287       0xf8 ./Bmp.o
 .debug_abbrev  0x0000037f      0x250 ./button.o
 .debug_abbrev  0x000005cf       0x5f ./celda.o
 .debug_abbrev  0x0000062e       0xb2 ./cola.o
 .debug_abbrev  0x000006e0       0x14 ./init_b.o
 .debug_abbrev  0x000006f4      0x1bc ./lcd.o
 .debug_abbrev  0x000008b0       0x89 ./led.o
 .debug_abbrev  0x00000939       0x80 ./main.o
 .debug_abbrev  0x000009b9      0x112 ./sudoku_2025.o
 .debug_abbrev  0x00000acb      0x144 ./sudoku_lcd.o
 .debug_abbrev  0x00000c0f       0x72 ./tableros.o
 .debug_abbrev  0x00000c81       0x5f ./timer.o
 .debug_abbrev  0x00000ce0       0x4c ./timer1.o
 .debug_abbrev  0x00000d2c       0xb3 ./timer2.o
 .debug_abbrev  0x00000ddf      0x19f ./tp.o

.debug_frame    0x00000000     0x1274
 *(.debug_frame)
 .debug_frame   0x00000000      0x1bc ./common/44blib.o
 .debug_frame   0x000001bc       0x50 ./8led.o
 .debug_frame   0x0000020c       0xf4 ./Bmp.o
 .debug_frame   0x00000300      0x4c8 ./button.o
 .debug_frame   0x000007c8       0x30 ./celda.o
 .debug_frame   0x000007f8       0x50 ./cola.o
 .debug_frame   0x00000848      0x21c ./lcd.o
 .debug_frame   0x00000a64      0x130 ./led.o
 .debug_frame   0x00000b94       0x30 ./main.o
 .debug_frame   0x00000bc4       0x90 ./sudoku_2025.o
 .debug_frame   0x00000c54      0x150 ./sudoku_lcd.o
 .debug_frame   0x00000da4       0x58 ./timer.o
 .debug_frame   0x00000dfc       0x5c ./timer1.o
 .debug_frame   0x00000e58       0x9c ./timer2.o
 .debug_frame   0x00000ef4      0x258 ./tp.o
 .debug_frame   0x0000114c       0x20 c:/program files/eclipsearm/sourcery-g++-lite-arm-2011.03/bin/../lib/gcc/arm-none-eabi/4.5.2\libgcc.a(_udivsi3.o)
 .debug_frame   0x0000116c       0x20 c:/program files/eclipsearm/sourcery-g++-lite-arm-2011.03/bin/../lib/gcc/arm-none-eabi/4.5.2\libgcc.a(_divsi3.o)
 .debug_frame   0x0000118c       0x50 c:/program files/eclipsearm/sourcery-g++-lite-arm-2011.03/bin/../lib/gcc/arm-none-eabi/4.5.2\libgcc.a(bpabi.o)
 .debug_frame   0x000011dc       0x3c c:/program files/eclipsearm/sourcery-g++-lite-arm-2011.03/bin/../lib/gcc/arm-none-eabi/4.5.2\libgcc.a(_divdi3.o)
 .debug_frame   0x00001218       0x3c c:/program files/eclipsearm/sourcery-g++-lite-arm-2011.03/bin/../lib/gcc/arm-none-eabi/4.5.2\libgcc.a(_udivdi3.o)
 .debug_frame   0x00001254       0x20 c:/program files/eclipsearm/sourcery-g++-lite-arm-2011.03/bin/../lib/gcc/arm-none-eabi/4.5.2/../../../../arm-none-eabi/lib\libc.a(lib_a-strlen.o)
OUTPUT(practica3.elf elf32-littlearm)

.debug_aranges  0x00000000      0x220
 .debug_aranges
                0x00000000       0x20 ./common/44binit.o
 .debug_aranges
                0x00000020       0x20 ./common/44blib.o
 .debug_aranges
                0x00000040       0x20 ./8led.o
 .debug_aranges
                0x00000060       0x20 ./Bmp.o
 .debug_aranges
                0x00000080       0x20 ./button.o
 .debug_aranges
                0x000000a0       0x20 ./celda.o
 .debug_aranges
                0x000000c0       0x20 ./cola.o
 .debug_aranges
                0x000000e0       0x20 ./init_b.o
 .debug_aranges
                0x00000100       0x20 ./lcd.o
 .debug_aranges
                0x00000120       0x20 ./led.o
 .debug_aranges
                0x00000140       0x20 ./main.o
 .debug_aranges
                0x00000160       0x20 ./sudoku_2025.o
 .debug_aranges
                0x00000180       0x20 ./sudoku_lcd.o
 .debug_aranges
                0x000001a0       0x20 ./timer.o
 .debug_aranges
                0x000001c0       0x20 ./timer1.o
 .debug_aranges
                0x000001e0       0x20 ./timer2.o
 .debug_aranges
                0x00000200       0x20 ./tp.o

.debug_macinfo  0x00000000    0x58d13
 .debug_macinfo
                0x00000000     0x82fb ./common/44blib.o
 .debug_macinfo
                0x000082fb     0x2297 ./common/AscII6x8.o
 .debug_macinfo
                0x0000a592     0x2297 ./common/AscII8x16.o
 .debug_macinfo
                0x0000c829     0x50b3 ./8led.o
 .debug_macinfo
                0x000118dc     0x289a ./Bmp.o
 .debug_macinfo
                0x00014176     0x756f ./button.o
 .debug_macinfo
                0x0001b6e5     0x3aa8 ./celda.o
 .debug_macinfo
                0x0001f18d     0x58d4 ./cola.o
 .debug_macinfo
                0x00024a61     0x587a ./lcd.o
 .debug_macinfo
                0x0002a2db     0x5a43 ./led.o
 .debug_macinfo
                0x0002fd1e     0x7267 ./main.o
 .debug_macinfo
                0x00036f85     0x3aec ./sudoku_2025.o
 .debug_macinfo
                0x0003aa71     0x4385 ./sudoku_lcd.o
 .debug_macinfo
                0x0003edf6     0x3acf ./tableros.o
 .debug_macinfo
                0x000428c5     0x50b4 ./timer.o
 .debug_macinfo
                0x00047979     0x50c3 ./timer1.o
 .debug_macinfo
                0x0004ca3c     0x6a88 ./timer2.o
 .debug_macinfo
                0x000534c4     0x584f ./tp.o

.debug_loc      0x00000000     0x15d4
 .debug_loc     0x00000000      0x23c ./common/44blib.o
 .debug_loc     0x0000023c       0x58 ./8led.o
 .debug_loc     0x00000294      0x134 ./Bmp.o
 .debug_loc     0x000003c8      0x65c ./button.o
 .debug_loc     0x00000a24       0x2c ./celda.o
 .debug_loc     0x00000a50       0x58 ./cola.o
 .debug_loc     0x00000aa8      0x2c0 ./lcd.o
 .debug_loc     0x00000d68      0x18c ./led.o
 .debug_loc     0x00000ef4       0x2c ./main.o
 .debug_loc     0x00000f20       0xb0 ./sudoku_2025.o
 .debug_loc     0x00000fd0      0x1b8 ./sudoku_lcd.o
 .debug_loc     0x00001188       0x58 ./timer.o
 .debug_loc     0x000011e0       0x58 ./timer1.o
 .debug_loc     0x00001238       0xb0 ./timer2.o
 .debug_loc     0x000012e8      0x2ec ./tp.o

.debug_pubnames
                0x00000000      0xa14
 .debug_pubnames
                0x00000000       0xf7 ./common/44blib.o
 .debug_pubnames
                0x000000f7       0x25 ./common/AscII6x8.o
 .debug_pubnames
                0x0000011c       0x26 ./common/AscII8x16.o
 .debug_pubnames
                0x00000142       0x32 ./8led.o
 .debug_pubnames
                0x00000174       0xcd ./Bmp.o
 .debug_pubnames
                0x00000241      0x15e ./button.o
 .debug_pubnames
                0x0000039f       0x27 ./celda.o
 .debug_pubnames
                0x000003c6       0x34 ./cola.o
 .debug_pubnames
                0x000003fa      0x123 ./lcd.o
 .debug_pubnames
                0x0000051d       0x8d ./led.o
 .debug_pubnames
                0x000005aa       0x77 ./main.o
 .debug_pubnames
                0x00000621       0x48 ./sudoku_2025.o
 .debug_pubnames
                0x00000669      0x128 ./sudoku_lcd.o
 .debug_pubnames
                0x00000791       0x73 ./tableros.o
 .debug_pubnames
                0x00000804       0x3f ./timer.o
 .debug_pubnames
                0x00000843       0x31 ./timer1.o
 .debug_pubnames
                0x00000874       0x7e ./timer2.o
 .debug_pubnames
                0x000008f2      0x122 ./tp.o

.debug_pubtypes
                0x00000000      0x241
 .debug_pubtypes
                0x00000000       0x12 ./common/44blib.o
 .debug_pubtypes
                0x00000012       0x2d ./Bmp.o
 .debug_pubtypes
                0x0000003f       0x92 ./button.o
 .debug_pubtypes
                0x000000d1       0x35 ./celda.o
 .debug_pubtypes
                0x00000106       0x38 ./cola.o
 .debug_pubtypes
                0x0000013e       0x2d ./lcd.o
 .debug_pubtypes
                0x0000016b       0x12 ./led.o
 .debug_pubtypes
                0x0000017d       0x12 ./main.o
 .debug_pubtypes
                0x0000018f       0x35 ./sudoku_2025.o
 .debug_pubtypes
                0x000001c4       0x35 ./sudoku_lcd.o
 .debug_pubtypes
                0x000001f9       0x29 ./tableros.o
 .debug_pubtypes
                0x00000222       0x1f ./timer2.o

.debug_str      0x00000000     0x1573
 .debug_str     0x00000000      0x1a8 ./common/44blib.o
                                0x1e6 (size before relaxing)
 .debug_str     0x000001a8       0x24 ./common/AscII6x8.o
                                 0x78 (size before relaxing)
 .debug_str     0x000001cc       0x26 ./common/AscII8x16.o
                                 0x7a (size before relaxing)
 .debug_str     0x000001f2       0x6c ./8led.o
                                 0xb2 (size before relaxing)
 .debug_str     0x0000025e       0xfc ./Bmp.o
                                0x16a (size before relaxing)
 .debug_str     0x0000035a      0x9dd ./button.o
                                0xb3c (size before relaxing)
 .debug_str     0x00000d37       0x1c ./celda.o
                                 0xf6 (size before relaxing)
 .debug_str     0x00000d53       0x74 ./cola.o
                                0x142 (size before relaxing)
 .debug_str     0x00000dc7      0x1a1 ./lcd.o
                                0x2a8 (size before relaxing)
 .debug_str     0x00000f68       0x74 ./led.o
                                0x131 (size before relaxing)
 .debug_str     0x00000fdc       0x1b ./main.o
                                0x11d (size before relaxing)
 .debug_str     0x00000ff7       0xa8 ./sudoku_2025.o
                                0x1d1 (size before relaxing)
 .debug_str     0x0000109f      0x16c ./sudoku_lcd.o
                                0x285 (size before relaxing)
 .debug_str     0x0000120b       0x3b ./tableros.o
                                0x146 (size before relaxing)
 .debug_str     0x00001246       0x20 ./timer.o
                                 0x65 (size before relaxing)
 .debug_str     0x00001266       0x34 ./timer1.o
                                 0x7a (size before relaxing)
 .debug_str     0x0000129a       0x5c ./timer2.o
                                0x160 (size before relaxing)
 .debug_str     0x000012f6      0x27d ./tp.o
                                0x338 (size before relaxing)
